// Jest Snapshot v1, https://goo.gl/fbAQLP

exports[`[Header] snapshot test 1`] = `
<div
  className="header"
>
  <h3>
    Todo
  </h3>
  <input
    data-test="input"
    onChange={[Function]}
    onKeyUp={[Function]}
    value=""
  />
</div>
`;
